..........................s...                                           [100%]
=============================== warnings summary ===============================
../.venv/lib/python3.12/site-packages/fastapi/testclient.py:1
  /workspace/scratch/f0ee4f1419a6/scenthaus/.venv/lib/python3.12/site-packages/fastapi/testclient.py:1: StarletteDeprecationWarning: Using `httpx` with `starlette.testclient` is deprecated; install `httpx2` instead.
    from starlette.testclient import TestClient as TestClient  # noqa

-- Docs: https://docs.pytest.org/en/stable/how-to/capture-warnings.html
29 passed, 1 skipped, 1 warning in 7.46s
